node:events:492
      throw er; // Unhandled 'error' event
      ^

Error: write EPIPE
    at afterWriteDispatched (node:internal/stream_base_commons:160:15)
    at writeGeneric (node:internal/stream_base_commons:151:3)
    at Socket._writeGeneric (node:net:952:11)
    at Socket._write (node:net:964:8)
    at writeOrBuffer (node:internal/streams/writable:447:12)
    at _write (node:internal/streams/writable:389:10)
    at Writable.write (node:internal/streams/writable:393:10)
    at console.value (node:internal/console/constructor:304:16)
    at console.log (node:internal/console/constructor:379:26)
    at ServerResponse.<anonymous> (/Users/koustavsarkar/Documents/mba_projects/ai-interviewer/backend/src/middlewares/loggerMiddleware.js:5:13)
Emitted 'error' event on Socket instance at:
    at emitErrorNT (node:internal/streams/destroy:151:8)
    at emitErrorCloseNT (node:internal/streams/destroy:116:3)
    at process.processTicksAndRejections (node:internal/process/task_queues:82:21) {
  errno: -32,
  code: 'EPIPE',
  syscall: 'write'
}

Node.js v20.9.0
